// Jest Snapshot v1, https://goo.gl/fbAQLP

exports[`Absences renders the component 1`] = `ShallowWrapper {}`;
