// Jest Snapshot v1, https://goo.gl/fbAQLP

exports[`AbsenceTable renders the component 1`] = `ShallowWrapper {}`;
