// Jest Snapshot v1, https://goo.gl/fbAQLP

exports[`CalendarComponent renders the component 1`] = `ShallowWrapper {}`;

exports[`CalendarComponent renders the table with events 1`] = `ReactWrapper {}`;

exports[`CalendarComponent renders the table with events 2`] = `ReactWrapper {}`;
