// Jest Snapshot v1, https://goo.gl/fbAQLP

exports[`Navbar renders the component 1`] = `ShallowWrapper {}`;
