// Jest Snapshot v1, https://goo.gl/fbAQLP

exports[`MembersTable renders the component 1`] = `ShallowWrapper {}`;
