// Jest Snapshot v1, https://goo.gl/fbAQLP

exports[`CalendarPage renders the component 1`] = `ShallowWrapper {}`;
